// Jest Snapshot v1, https://goo.gl/fbAQLP

exports[`Pruebas en el Componente <GifExpertApp /> debe de mostrar el componente correctamente 1`] = `
<Fragment>
  <h2>
    GifExpertApp
  </h2>
  <AddCategory
    setCategories={[Function]}
  />
  <hr />
  <ol />
</Fragment>
`;

exports[`Pruebas en el Componente <GifExpertApp /> debe de mostrar una lista de categor√≠as 1`] = `
<Fragment>
  <h2>
    GifExpertApp
  </h2>
  <AddCategory
    setCategories={[Function]}
  />
  <hr />
  <ol>
    <GifGrid
      category="One Piece"
      key="One Piece"
    />
    <GifGrid
      category="Vinland Saga"
      key="Vinland Saga"
    />
  </ol>
</Fragment>
`;
