// Jest Snapshot v1, https://goo.gl/fbAQLP

exports[`Pruebas en el Componente <AddCategory /> debe de mostrar el Componente correctamente. 1`] = `
<form
  onSubmit={[Function]}
>
  <p />
  <input
    className="input--style-6"
    onChange={[Function]}
    placeholder="Agregar CategorÃ­a..."
    type="text"
    value=""
  />
</form>
`;
